
 Start  Stop   Length Name               Class

 00000H 02AB2H 02AB3H _TEXT              CODE
 02AC0H 02AC0H 00000H _FARDATA           FAR_DATA
 02AC0H 02AC0H 00000H _FARBSS            FAR_BSS
 02AC0H 02AC0H 00000H _OVERLAY_          OVRINFO
 02AC0H 02AC0H 00000H _1STUB_            STUBSEG
 02AC0H 03D75H 012B6H _DATA              DATA
 03D76H 03D77H 00002H _CVTSEG            DATA
 03D78H 03D7DH 00006H _SCNSEG            DATA
 03D7EH 03D7EH 00000H _CONST             CONST
 03D7EH 03D83H 00006H _INIT_             INITDATA
 03D84H 03D84H 00000H _INITEND_          INITDATA
 03D84H 03D84H 00000H _EXIT_             EXITDATA
 03D84H 03D84H 00000H _EXITEND_          EXITDATA
 03D84H 05621H 0189EH _BSS               BSS
 05622H 05622H 00000H _BSSEND            BSSEND
 05630H 056AFH 00080H _STACK             STACK

  Address         Publics by Name

 02AC:0000       DATASEG@
 0000:028D       DGROUP@
 0000:13DE       N_SCOPY@
 0000:0278       _abort
 0000:115E       _atexit
 0000:1D7B       _atoi
 0000:1D0B       _atol
 0000:1A2E       _brk
 0000:1DA2       _close
 02AC:0094       _errno
 0000:1208       _exit
 0000:1DE6       _fclose
 0000:1E5B       _fflush
 0000:1ED8       _flushall
 0000:2083       _fopen
 0000:245D       _fputc
 0000:2582       _fputchar
 0000:20A2       _fputs
 0000:1A90       _free
 0000:2136       _fseek
 0000:219A       _ftell
 0000:1A69       _ioctl
 0000:128E       _isatty
 0000:21E5       _itoa
 02AC:00AA       _linea_actual
 0000:1339       _lseek
 0000:2227       _ltoa
 0000:10CC       _main
 0000:1B5F       _malloc
 0000:224C       _memcpy
 0000:1132       _nueva_etq
 0000:1106       _nueva_var
 0000:2296       _open
 0000:242F       _printf
 0000:27EC       _read
 0000:1CB6       _realloc
 0000:1A3A       _sbrk
 0000:27EF       _setvbuf
 0000:28B9       _strcat
 0000:28F2       _strcpy
 0000:2914       _strlen
 0000:14C4       _tell
 0000:220D       _ultoa
 0000:14DA       _unlink
 02AC:12D2       _yychar
 0000:10F4       _yyerror
 02AC:045D       _yyin
 0000:0291       _yylex
 02AC:2B0E       _yylineno
 02AC:12C6       _yylloc
 02AC:2AE4       _yylval
 02AC:12C4       _yynerr
 02AC:045F       _yyout
 0000:095E       _yyparse
 02AC:12D6       _yytext
 0000:1000  Abs  __AHINCR
 0000:000C  Abs  __AHSHIFT
 02AC:0F2E       __atexitcnt
 02AC:2B12       __atexittbl
 02AC:00A2       __brklvl
 02AC:0084       __C0argc
 02AC:0086       __C0argv
 02AC:0088       __C0environ
 0000:1229       __cexit
 0000:016F       __checknull
 0000:1D87       __chmod
 0000:015C       __cleanup
 0000:1DC8       __close
 02AC:0F30       __ctype
 0000:0000  Abs  __cvtfak
 0000:1237       __c_exit
 02AC:11A8       __doserrno
 0000:127C       __DOSERROR
 02AC:11AA       __dosErrorToSV
 0000:1182       __dos_getfileattr
 0000:119F       __dos_setfileattr
 02AC:008A       __envLng
 02AC:008C       __envseg
 02AC:008E       __envSize
 0000:1217       __exit
 02AC:1032       __exitbuf
 02AC:1034       __exitfopen
 02AC:1036       __exitopen
 02AC:12AA       __first
 02AC:11A2       __fmode
 0000:2446       __fputc
 0000:2593       __FPUTN
 0000:2058       __GETFP
 02AC:009E       __heapbase
 02AC:11A6       __heaplen
 02AC:00A6       __heaptop
 02AC:0074       __Int0Vector
 02AC:0078       __Int4Vector
 02AC:007C       __Int5Vector
 02AC:0080       __Int6Vector
 0000:1243       __IOERROR
 02AC:12AC       __last
 0000:129F       __LONGTOA
 0000:1362       __MKNAME
 0000:028F       __MMODEL
 02AC:1178       __nfile
 02AC:11A4       __notUmask
 0000:23E2       __open
 02AC:117A       __openfd
 0000:1FC4       __OPENFP
 02AC:0092       __osmajor
 02AC:0093       __osminor
 02AC:0092       __osversion
 02AC:0090       __psp
 0000:13FA       __read
 0000:1D07       __REALCVT
 02AC:12B6       __RealCvtVector
 0000:01EC       __restorezero
 02AC:12AE       __rover
 02AC:12B8       __ScanTodVector
 0000:1427       __setupio
 02AC:0096       __StartTime
 02AC:120E       __stklen
 0000:19B6       __stpcpy
 02AC:1038       __streams
 0000:0197       __terminate
 0000:139D       __TMPNAM
 0000:131C       __UTOA
 02AC:0092       __version
 0000:1508       __VPRINTER
 0000:2A32       __write
 0000:2A6C       __xfclose
 0000:2A92       __xfflush
 0000:19DB       ___brk
 02AC:009C       ___brklvl
 02AC:009A       ___heapbase
 0000:2724       ___read
 0000:19FD       ___sbrk
 0000:292E       ___write

  Address         Publics by Value

 0000:0000  Abs  __cvtfak
 0000:000C  Abs  __AHSHIFT
 0000:1000  Abs  __AHINCR
 0000:015C       __cleanup
 0000:016F       __checknull
 0000:0197       __terminate
 0000:01EC       __restorezero
 0000:0278       _abort
 0000:028D       DGROUP@
 0000:028F       __MMODEL
 0000:0291       _yylex
 0000:095E       _yyparse
 0000:10CC       _main
 0000:10F4       _yyerror
 0000:1106       _nueva_var
 0000:1132       _nueva_etq
 0000:115E       _atexit
 0000:1182       __dos_getfileattr
 0000:119F       __dos_setfileattr
 0000:1208       _exit
 0000:1217       __exit
 0000:1229       __cexit
 0000:1237       __c_exit
 0000:1243       __IOERROR
 0000:127C       __DOSERROR
 0000:128E       _isatty
 0000:129F       __LONGTOA
 0000:131C       __UTOA
 0000:1339       _lseek
 0000:1362       __MKNAME
 0000:139D       __TMPNAM
 0000:13DE       N_SCOPY@
 0000:13FA       __read
 0000:1427       __setupio
 0000:14C4       _tell
 0000:14DA       _unlink
 0000:1508       __VPRINTER
 0000:19B6       __stpcpy
 0000:19DB       ___brk
 0000:19FD       ___sbrk
 0000:1A2E       _brk
 0000:1A3A       _sbrk
 0000:1A69       _ioctl
 0000:1A90       _free
 0000:1B5F       _malloc
 0000:1CB6       _realloc
 0000:1D07       __REALCVT
 0000:1D0B       _atol
 0000:1D7B       _atoi
 0000:1D87       __chmod
 0000:1DA2       _close
 0000:1DC8       __close
 0000:1DE6       _fclose
 0000:1E5B       _fflush
 0000:1ED8       _flushall
 0000:1FC4       __OPENFP
 0000:2058       __GETFP
 0000:2083       _fopen
 0000:20A2       _fputs
 0000:2136       _fseek
 0000:219A       _ftell
 0000:21E5       _itoa
 0000:220D       _ultoa
 0000:2227       _ltoa
 0000:224C       _memcpy
 0000:2296       _open
 0000:23E2       __open
 0000:242F       _printf
 0000:2446       __fputc
 0000:245D       _fputc
 0000:2582       _fputchar
 0000:2593       __FPUTN
 0000:2724       ___read
 0000:27EC       _read
 0000:27EF       _setvbuf
 0000:28B9       _strcat
 0000:28F2       _strcpy
 0000:2914       _strlen
 0000:292E       ___write
 0000:2A32       __write
 0000:2A6C       __xfclose
 0000:2A92       __xfflush
 02AC:0000       DATASEG@
 02AC:0074       __Int0Vector
 02AC:0078       __Int4Vector
 02AC:007C       __Int5Vector
 02AC:0080       __Int6Vector
 02AC:0084       __C0argc
 02AC:0086       __C0argv
 02AC:0088       __C0environ
 02AC:008A       __envLng
 02AC:008C       __envseg
 02AC:008E       __envSize
 02AC:0090       __psp
 02AC:0092       __osversion
 02AC:0092       __osmajor
 02AC:0092       __version
 02AC:0093       __osminor
 02AC:0094       _errno
 02AC:0096       __StartTime
 02AC:009A       ___heapbase
 02AC:009C       ___brklvl
 02AC:009E       __heapbase
 02AC:00A2       __brklvl
 02AC:00A6       __heaptop
 02AC:00AA       _linea_actual
 02AC:045D       _yyin
 02AC:045F       _yyout
 02AC:0F2E       __atexitcnt
 02AC:0F30       __ctype
 02AC:1032       __exitbuf
 02AC:1034       __exitfopen
 02AC:1036       __exitopen
 02AC:1038       __streams
 02AC:1178       __nfile
 02AC:117A       __openfd
 02AC:11A2       __fmode
 02AC:11A4       __notUmask
 02AC:11A6       __heaplen
 02AC:11A8       __doserrno
 02AC:11AA       __dosErrorToSV
 02AC:120E       __stklen
 02AC:12AA       __first
 02AC:12AC       __last
 02AC:12AE       __rover
 02AC:12B6       __RealCvtVector
 02AC:12B8       __ScanTodVector
 02AC:12C4       _yynerr
 02AC:12C6       _yylloc
 02AC:12D2       _yychar
 02AC:12D6       _yytext
 02AC:2AE4       _yylval
 02AC:2B0E       _yylineno
 02AC:2B12       __atexittbl

Program entry point at 0000:0000

